[2026-09-28 07:19:57] collector v2.2.0  run primary_20260927_v2.2.0_gha  study primary
[2026-09-28 07:19:57] clock  : Australia/Adelaide (+0930)
[2026-09-28 07:19:57] design : 49 postcode(s) x 1 product(s) x 9 slot(s) = 441 observation(s)
[2026-09-28 07:19:57] out    : data/primary/primary_20260927_v2.2.0_gha  (resume: 931 already recorded)
[2026-09-28 07:19:57] manifest: data/primary/primary_20260927_v2.2.0_gha/manifest_primary_20260927_v2.2.0_gha_071957.json
[2026-09-28 07:19:57] ##### CYCLE 1/1: Sunday 27 Sep 2026 run primary_20260927_v2.2.0_gha #####
[2026-09-28 07:19:57] cycle 2026-09-27 (primary): running slot index(es) 31-39: 28 Sep 07:30 .. 28 Sep 11:30
[2026-09-28 07:19:57] waiting 10.0 min for slot 28 Sep 07:30
[2026-09-28 07:30:00] === SLOT 31 2026-09-28 07:30 ===
[2026-09-28 07:30:00] !! relaunching browser: browser not live at slot start (restart #1)
[2026-09-28 07:30:00] browser launched (chromium, headless)
[2026-09-28 07:30:00] --- pass: 49 postcode(s) x 1 product(s) = 49 observation(s), slot 2026-09-28 07:30 ---
[2026-09-28 07:30:00] 2000 Sydney [s26] ...
[2026-09-28 07:30:15]   ON_DEMAND_SCHEDULED | promise='Choose a 2 hour window' uber=$11.99 | standard='Delivered tomorrow' $6.99
[2026-09-28 07:30:15]   Processed: 1 / 441 | Valid: 1 | No store: 0 | Failed: 0 | Skipped: 0 | Elapsed: 00:10:18
[2026-09-28 07:30:25] 2060 North Sydney [s26] ...
[2026-09-28 07:30:40]   ON_DEMAND_SCHEDULED | promise='Choose a 2 hour window' uber=$11.99 | standard='Delivered tomorrow' $6.99
[2026-09-28 07:30:40]   Processed: 2 / 441 | Valid: 2 | No store: 0 | Failed: 0 | Skipped: 0 | Elapsed: 00:10:43
[2026-09-28 07:30:48] 2170 Liverpool [s26] ...
[2026-09-28 07:31:04]   ON_DEMAND_SCHEDULED | promise='Choose a 2 hour window' uber=$11.99 | standard='Delivered tomorrow' $6.99
[2026-09-28 07:31:04]   Processed: 3 / 441 | Valid: 3 | No store: 0 | Failed: 0 | Skipped: 0 | Elapsed: 00:11:07
[2026-09-28 07:31:13] 2750 Penrith [s26] ...
[2026-09-28 07:31:28]   ON_DEMAND_SCHEDULED | promise='Choose a 2 hour window' uber=$11.99 | standard='Delivered tomorrow' $6.99
[2026-09-28 07:31:28]   Processed: 4 / 441 | Valid: 4 | No store: 0 | Failed: 0 | Skipped: 0 | Elapsed: 00:11:31
[2026-09-28 07:31:36] 2300 Newcastle [s26] ...
[2026-09-28 07:31:51]   ON_DEMAND_SCHEDULED | promise='Choose a 2 hour window' uber=$11.99 | standard='Delivered by 2 October' $6.99
[2026-09-28 07:31:51]   Processed: 5 / 441 | Valid: 5 | No store: 0 | Failed: 0 | Skipped: 0 | Elapsed: 00:11:54
[2026-09-28 07:31:57] 2650 Wagga Wagga [s26] ...
[2026-09-28 07:32:12]   ON_DEMAND_SCHEDULED | promise='Choose a 2 hour window' uber=$11.99 | standard='Delivered by 29 September' $9.99 | notes: price tie - 3 non-Uber options at $9.99, first in DOM order used
[2026-09-28 07:32:12]   Processed: 6 / 441 | Valid: 6 | No store: 0 | Failed: 0 | Skipped: 0 | Elapsed: 00:12:14
[2026-09-28 07:32:22] 2480 Lismore [s26] ...
[2026-09-28 07:32:36]   ON_DEMAND_UNAVAILABLE | promise='' uber=$ | standard='Delivered by 29 September' $9.99 | notes: No on-demand option offered; price tie - 3 non-Uber options at $9.99, first in DOM order used
[2026-09-28 07:32:36]   Processed: 7 / 441 | Valid: 7 | No store: 0 | Failed: 0 | Skipped: 0 | Elapsed: 00:12:39
[2026-09-28 07:32:43] 3000 Melbourne [s26] ...
[2026-09-28 07:32:59]   ON_DEMAND_SCHEDULED | promise='Choose a 2 hour window' uber=$11.99 | standard='Delivered tomorrow' $6.99
[2026-09-28 07:32:59]   Processed: 8 / 441 | Valid: 8 | No store: 0 | Failed: 0 | Skipped: 0 | Elapsed: 00:13:01
[2026-09-28 07:33:07] 3121 Richmond [s26] ...
[2026-09-28 07:33:22]   ON_DEMAND_SCHEDULED | promise='Choose a 2 hour window' uber=$11.99 | standard='Delivered tomorrow' $6.99
[2026-09-28 07:33:22]   Processed: 9 / 441 | Valid: 9 | No store: 0 | Failed: 0 | Skipped: 0 | Elapsed: 00:13:24
[2026-09-28 07:33:29] 3030 Point Cook [s26] ...
[2026-09-28 07:33:44]   ON_DEMAND_SCHEDULED | promise='Choose a 2 hour window' uber=$11.99 | standard='Delivered tomorrow' $6.99
[2026-09-28 07:33:44]   Processed: 10 / 441 | Valid: 10 | No store: 0 | Failed: 0 | Skipped: 0 | Elapsed: 00:13:46
[2026-09-28 07:33:54] 3175 Dandenong [s26] ...
[2026-09-28 07:34:08]   ON_DEMAND_SCHEDULED | promise='Choose a 2 hour window' uber=$11.99 | standard='Delivered tomorrow' $6.99
[2026-09-28 07:34:08]   Processed: 11 / 441 | Valid: 11 | No store: 0 | Failed: 0 | Skipped: 0 | Elapsed: 00:14:11
[2026-09-28 07:34:17] 3220 Geelong [s26] ...
[2026-09-28 07:34:32]   ON_DEMAND_SCHEDULED | promise='Choose a 2 hour window' uber=$11.99 | standard='Delivered tomorrow' $6.99
[2026-09-28 07:34:32]   Processed: 12 / 441 | Valid: 12 | No store: 0 | Failed: 0 | Skipped: 0 | Elapsed: 00:14:34
[2026-09-28 07:34:38] 3550 Bendigo [s26] ...
[2026-09-28 07:34:54]   ON_DEMAND_SCHEDULED | promise='Choose a 2 hour window' uber=$11.99 | standard='Delivered by 29 September' $9.99 | notes: price tie - 3 non-Uber options at $9.99, first in DOM order used
[2026-09-28 07:34:54]   Processed: 13 / 441 | Valid: 13 | No store: 0 | Failed: 0 | Skipped: 0 | Elapsed: 00:14:56
[2026-09-28 07:35:02] 3350 Ballarat [s26] ...
[2026-09-28 07:35:18]   ON_DEMAND_SCHEDULED | promise='Choose a 2 hour window' uber=$11.99 | standard='Delivered by 30 September' $5.99
[2026-09-28 07:35:18]   Processed: 14 / 441 | Valid: 14 | No store: 0 | Failed: 0 | Skipped: 0 | Elapsed: 00:15:20
[2026-09-28 07:35:27] 4000 Brisbane City [s26] ...
[2026-09-28 07:35:42]   ON_DEMAND_SCHEDULED | promise='Choose a 2 hour window' uber=$11.99 | standard='Delivered tomorrow' $6.99
[2026-09-28 07:35:42]   Processed: 15 / 441 | Valid: 15 | No store: 0 | Failed: 0 | Skipped: 0 | Elapsed: 00:15:45
[2026-09-28 07:35:52] 4006 Fortitude Valley [s26] ...
[2026-09-28 07:36:07]   ON_DEMAND_SCHEDULED | promise='Choose a 2 hour window' uber=$11.99 | standard='Delivered tomorrow' $6.99
[2026-09-28 07:36:07]   Processed: 16 / 441 | Valid: 16 | No store: 0 | Failed: 0 | Skipped: 0 | Elapsed: 00:16:10
[2026-09-28 07:36:13] 4300 Springfield [s26] ...
[2026-09-28 07:36:28]   ON_DEMAND_SCHEDULED | promise='Choose a 2 hour window' uber=$11.99 | standard='Delivered tomorrow' $6.99
[2026-09-28 07:36:28]   Processed: 17 / 441 | Valid: 17 | No store: 0 | Failed: 0 | Skipped: 0 | Elapsed: 00:16:31
[2026-09-28 07:36:35] 4178 Wynnum [s26] ...
[2026-09-28 07:36:50]   ON_DEMAND_SCHEDULED | promise='Choose a 2 hour window' uber=$11.99 | standard='Delivered tomorrow' $6.99
[2026-09-28 07:36:50]   Processed: 18 / 441 | Valid: 18 | No store: 0 | Failed: 0 | Skipped: 0 | Elapsed: 00:16:53
[2026-09-28 07:36:56] 4350 Toowoomba City [s26] ...
[2026-09-28 07:37:11]   ON_DEMAND_SCHEDULED | promise='Choose a 2 hour window' uber=$11.99 | standard='Delivered by 29 September' $9.99 | notes: price tie - 3 non-Uber options at $9.99, first in DOM order used
[2026-09-28 07:37:11]   Processed: 19 / 441 | Valid: 19 | No store: 0 | Failed: 0 | Skipped: 0 | Elapsed: 00:17:13
[2026-09-28 07:37:18] 4740 Mackay [s26] ...
[2026-09-28 07:37:33]   ON_DEMAND_UNAVAILABLE | promise='' uber=$ | standard='Delivered by 29 September' $9.99 | notes: No on-demand option offered; price tie - 3 non-Uber options at $9.99, first in DOM order used
[2026-09-28 07:37:33]   Processed: 20 / 441 | Valid: 20 | No store: 0 | Failed: 0 | Skipped: 0 | Elapsed: 00:17:36
[2026-09-28 07:37:40] 4870 Cairns [s26] ...
[2026-09-28 07:37:55]   ON_DEMAND_SCHEDULED | promise='Choose a 2 hour window' uber=$11.99 | standard='Delivered by 29 September' $9.99 | notes: price tie - 3 non-Uber options at $9.99, first in DOM order used
[2026-09-28 07:37:55]   Processed: 21 / 441 | Valid: 21 | No store: 0 | Failed: 0 | Skipped: 0 | Elapsed: 00:17:58
[2026-09-28 07:38:04] 5000 Adelaide [s26] ...
[2026-09-28 07:38:19]   ON_DEMAND_SCHEDULED | promise='Choose a 2 hour window' uber=$11.99 | standard='Delivered tomorrow' $6.99
[2026-09-28 07:38:19]   Processed: 22 / 441 | Valid: 22 | No store: 0 | Failed: 0 | Skipped: 0 | Elapsed: 00:18:22
[2026-09-28 07:38:25] 5067 Norwood [s26] ...
[2026-09-28 07:38:40]   ON_DEMAND_SCHEDULED | promise='Choose a 2 hour window' uber=$11.99 | standard='Delivered tomorrow' $6.99
[2026-09-28 07:38:40]   Processed: 23 / 441 | Valid: 23 | No store: 0 | Failed: 0 | Skipped: 0 | Elapsed: 00:18:42
[2026-09-28 07:38:45] 5034 Millswood [s26] ...
[2026-09-28 07:39:00]   ON_DEMAND_SCHEDULED | promise='Choose a 2 hour window' uber=$11.99 | standard='Delivered tomorrow' $6.99
[2026-09-28 07:39:00]   Processed: 24 / 441 | Valid: 24 | No store: 0 | Failed: 0 | Skipped: 0 | Elapsed: 00:19:02
[2026-09-28 07:39:05] 5022 Grange [s26] ...
[2026-09-28 07:39:21]   ON_DEMAND_SCHEDULED | promise='Choose a 2 hour window' uber=$11.99 | standard='Delivered tomorrow' $6.99
[2026-09-28 07:39:21]   Processed: 25 / 441 | Valid: 25 | No store: 0 | Failed: 0 | Skipped: 0 | Elapsed: 00:19:23
[2026-09-28 07:39:29] 5108 Salisbury [s26] ...
[2026-09-28 07:39:44]   ON_DEMAND_SCHEDULED | promise='Choose a 2 hour window' uber=$11.99 | standard='Delivered tomorrow' $6.99
[2026-09-28 07:39:44]   Processed: 26 / 441 | Valid: 26 | No store: 0 | Failed: 0 | Skipped: 0 | Elapsed: 00:19:47
[2026-09-28 07:39:52] 5162 Morphett Vale [s26] ...
[2026-09-28 07:40:06]   ON_DEMAND_SCHEDULED | promise='Choose a 2 hour window' uber=$11.99 | standard='Delivered tomorrow' $6.99
[2026-09-28 07:40:06]   Processed: 27 / 441 | Valid: 27 | No store: 0 | Failed: 0 | Skipped: 0 | Elapsed: 00:20:09
[2026-09-28 07:40:13] 5095 Mawson Lakes [s26] ...
[2026-09-28 07:40:29]   ON_DEMAND_SCHEDULED | promise='Choose a 2 hour window' uber=$11.99 | standard='Delivered tomorrow' $6.99
[2026-09-28 07:40:29]   Processed: 28 / 441 | Valid: 28 | No store: 0 | Failed: 0 | Skipped: 0 | Elapsed: 00:20:31
[2026-09-28 07:40:38] 5114 Smithfield [s26] ...
[2026-09-28 07:40:53]   ON_DEMAND_SCHEDULED | promise='Choose a 2 hour window' uber=$11.99 | standard='Delivered tomorrow' $6.99
[2026-09-28 07:40:53]   Processed: 29 / 441 | Valid: 29 | No store: 0 | Failed: 0 | Skipped: 0 | Elapsed: 00:20:56
[2026-09-28 07:40:59] 5251 Mount Barker [s26] ...
[2026-09-28 07:41:14]   ON_DEMAND_UNAVAILABLE | promise='' uber=$ | standard='Delivered by 29 September' $9.99 | notes: No on-demand option offered; price tie - 3 non-Uber options at $9.99, first in DOM order used
[2026-09-28 07:41:14]   Processed: 30 / 441 | Valid: 30 | No store: 0 | Failed: 0 | Skipped: 0 | Elapsed: 00:21:16
[2026-09-28 07:41:19] 5290 Mount Gambier [s26] ...
[2026-09-28 07:41:34]   ON_DEMAND_UNAVAILABLE | promise='' uber=$ | standard='Delivered by 29 September' $9.99 | notes: No on-demand option offered; price tie - 3 non-Uber options at $9.99, first in DOM order used
[2026-09-28 07:41:34]   Processed: 31 / 441 | Valid: 31 | No store: 0 | Failed: 0 | Skipped: 0 | Elapsed: 00:21:37
[2026-09-28 07:41:40] 5700 Port Augusta [s26] ...
[2026-09-28 07:41:52]   NO_STORE_REPORTED | promise='' uber=$ | standard='' $ | notes: No available stores found for the given location.
[2026-09-28 07:41:52]   Processed: 32 / 441 | Valid: 31 | No store: 1 | Failed: 0 | Skipped: 0 | Elapsed: 00:21:54
[2026-09-28 07:41:58] 5606 Port Lincoln [s26] ...
[2026-09-28 07:42:09]   NO_STORE_REPORTED | promise='' uber=$ | standard='' $ | notes: No available stores found for the given location.
[2026-09-28 07:42:09]   Processed: 33 / 441 | Valid: 31 | No store: 2 | Failed: 0 | Skipped: 0 | Elapsed: 00:22:12
[2026-09-28 07:42:16] 6000 Perth [s26] ...
[2026-09-28 07:42:31]   ON_DEMAND_SCHEDULED | promise='Choose a 2 hour window' uber=$11.99 | standard='Delivered tomorrow' $6.99
[2026-09-28 07:42:31]   Processed: 34 / 441 | Valid: 32 | No store: 2 | Failed: 0 | Skipped: 0 | Elapsed: 00:22:33
[2026-09-28 07:42:38] 6008 Subiaco [s26] ...
[2026-09-28 07:42:53]   ON_DEMAND_SCHEDULED | promise='Choose a 2 hour window' uber=$11.99 | standard='Delivered tomorrow' $6.99
[2026-09-28 07:42:53]   Processed: 35 / 441 | Valid: 33 | No store: 2 | Failed: 0 | Skipped: 0 | Elapsed: 00:22:56
[2026-09-28 07:43:03] 6164 Success [s26] ...
[2026-09-28 07:43:18]   ON_DEMAND_SCHEDULED | promise='Choose a 2 hour window' uber=$11.99 | standard='Delivered tomorrow' $6.99
[2026-09-28 07:43:18]   Processed: 36 / 441 | Valid: 34 | No store: 2 | Failed: 0 | Skipped: 0 | Elapsed: 00:23:20
[2026-09-28 07:43:25] 6030 Clarkson [s26] ...
[2026-09-28 07:43:40]   ON_DEMAND_SCHEDULED | promise='Choose a 2 hour window' uber=$11.99 | standard='Delivered tomorrow' $6.99
[2026-09-28 07:43:40]   Processed: 37 / 441 | Valid: 35 | No store: 2 | Failed: 0 | Skipped: 0 | Elapsed: 00:23:42
[2026-09-28 07:43:46] 6230 Bunbury [s26] ...
[2026-09-28 07:44:00]   ON_DEMAND_SCHEDULED | promise='Choose a 2 hour window' uber=$11.99 | standard='Delivered by 30 September' $9.99 | notes: price tie - 3 non-Uber options at $9.99, first in DOM order used
[2026-09-28 07:44:00]   Processed: 38 / 441 | Valid: 36 | No store: 2 | Failed: 0 | Skipped: 0 | Elapsed: 00:24:03
[2026-09-28 07:44:08] 6430 Kalgoorlie [s26] ...
[2026-09-28 07:44:20]   NO_STORE_REPORTED | promise='' uber=$ | standard='' $ | notes: No available stores found for the given location.
[2026-09-28 07:44:20]   Processed: 39 / 441 | Valid: 36 | No store: 3 | Failed: 0 | Skipped: 0 | Elapsed: 00:24:23
[2026-09-28 07:44:28] 6530 Geraldton [s26] ...
[2026-09-28 07:44:40]   NO_STORE_REPORTED | promise='' uber=$ | standard='' $ | notes: No available stores found for the given location.
[2026-09-28 07:44:40]   Processed: 40 / 441 | Valid: 36 | No store: 4 | Failed: 0 | Skipped: 0 | Elapsed: 00:24:43
[2026-09-28 07:44:48] 7000 Hobart [s26] ...
[2026-09-28 07:45:03]   ON_DEMAND_SCHEDULED | promise='Choose a 2 hour window' uber=$11.99 | standard='Delivered by 30 September' $6.99
[2026-09-28 07:45:03]   Processed: 41 / 441 | Valid: 37 | No store: 4 | Failed: 0 | Skipped: 0 | Elapsed: 00:25:06
[2026-09-28 07:45:12] 7010 Glenorchy [s26] ...
[2026-09-28 07:45:27]   ON_DEMAND_SCHEDULED | promise='Choose a 2 hour window' uber=$11.99 | standard='Delivered by 1 October' $6.99
[2026-09-28 07:45:27]   Processed: 42 / 441 | Valid: 38 | No store: 4 | Failed: 0 | Skipped: 0 | Elapsed: 00:25:29
[2026-09-28 07:45:35] 7250 Launceston [s26] ...
[2026-09-28 07:45:50]   ON_DEMAND_SCHEDULED | promise='Choose a 2 hour window' uber=$11.99 | standard='Delivered by 30 September' $6.99
[2026-09-28 07:45:50]   Processed: 43 / 441 | Valid: 39 | No store: 4 | Failed: 0 | Skipped: 0 | Elapsed: 00:25:53
[2026-09-28 07:45:56] 7320 Burnie [s26] ...
[2026-09-28 07:46:11]   ON_DEMAND_UNAVAILABLE | promise='' uber=$ | standard='Delivered by 30 September' $6.99 | notes: No on-demand option offered
[2026-09-28 07:46:11]   Processed: 44 / 441 | Valid: 40 | No store: 4 | Failed: 0 | Skipped: 0 | Elapsed: 00:26:14
[2026-09-28 07:46:18] 2601 Canberra [s26] ...
[2026-09-28 07:46:33]   ON_DEMAND_SCHEDULED | promise='Choose a 2 hour window' uber=$11.99 | standard='Delivered by 1 October' $6.99
[2026-09-28 07:46:33]   Processed: 45 / 441 | Valid: 41 | No store: 4 | Failed: 0 | Skipped: 0 | Elapsed: 00:26:36
[2026-09-28 07:46:41] 2900 Greenway [s26] ...
[2026-09-28 07:46:56]   ON_DEMAND_SCHEDULED | promise='Choose a 2 hour window' uber=$11.99 | standard='Delivered by 1 October' $6.99
[2026-09-28 07:46:56]   Processed: 46 / 441 | Valid: 42 | No store: 4 | Failed: 0 | Skipped: 0 | Elapsed: 00:26:58
[2026-09-28 07:47:06] 0800 Darwin City [s26] ...
[2026-09-28 07:47:21]   ON_DEMAND_SCHEDULED | promise='Choose a 2 hour window' uber=$11.99 | standard='Delivered by 30 September' $9.99 | notes: price tie - 3 non-Uber options at $9.99, first in DOM order used
[2026-09-28 07:47:21]   Processed: 47 / 441 | Valid: 43 | No store: 4 | Failed: 0 | Skipped: 0 | Elapsed: 00:27:23
[2026-09-28 07:47:29] 0810 Casuarina [s26] ...
[2026-09-28 07:47:44]   ON_DEMAND_SCHEDULED | promise='Choose a 2 hour window' uber=$11.99 | standard='Delivered by 30 September' $9.99 | notes: price tie - 3 non-Uber options at $9.99, first in DOM order used
[2026-09-28 07:47:44]   Processed: 48 / 441 | Valid: 44 | No store: 4 | Failed: 0 | Skipped: 0 | Elapsed: 00:27:47
[2026-09-28 07:47:51] 0870 Alice Springs [s26] ...
[2026-09-28 07:48:03]   NO_STORE_REPORTED | promise='' uber=$ | standard='' $ | notes: No available stores found for the given location.
[2026-09-28 07:48:03]   Processed: 49 / 441 | Valid: 44 | No store: 5 | Failed: 0 | Skipped: 0 | Elapsed: 00:28:06
[2026-09-28 07:48:03] --- pass complete in 18.1 min ---
[2026-09-28 07:48:03]   export -> BACKUP_replication_cycle2_20260927: 980 rows, coverage 980/1568 (62.5%), errors 0
