[2026-09-27 02:20:44] collector v2.2.0  run primary_20260926_v2.2.0_gha  study primary
[2026-09-27 02:20:44] clock  : Australia/Adelaide (+0930)
[2026-09-27 02:20:44] design : 49 postcode(s) x 1 product(s) x 5 slot(s) = 245 observation(s)
[2026-09-27 02:20:44] out    : data/primary/primary_20260926_v2.2.0_gha  (resume: 1274 already recorded)
[2026-09-27 02:20:44] manifest: data/primary/primary_20260926_v2.2.0_gha/manifest_primary_20260926_v2.2.0_gha_022044.json
[2026-09-27 02:20:45] ##### CYCLE 1/1: Saturday 26 Sep 2026 run primary_20260926_v2.2.0_gha #####
[2026-09-27 02:20:45] cycle 2026-09-26 (primary): running slot index(es) 26-30: 27 Sep 03:00 .. 27 Sep 07:00
[2026-09-27 02:20:45] waiting 39.2 min for slot 27 Sep 03:00
[2026-09-27 03:00:00] === SLOT 26 2026-09-27 03:00 ===
[2026-09-27 03:00:00] !! relaunching browser: browser not live at slot start (restart #1)
[2026-09-27 03:00:00] browser launched (chromium, headless)
[2026-09-27 03:00:00] --- pass: 49 postcode(s) x 1 product(s) = 49 observation(s), slot 2026-09-27 03:00 ---
[2026-09-27 03:00:00] 2000 Sydney [s26] ...
[2026-09-27 03:00:18]   ON_DEMAND_SCHEDULED | promise='Choose a 2 hour window' uber=$11.99 | standard='Delivered tomorrow' $6.99
[2026-09-27 03:00:18]   Processed: 1 / 245 | Valid: 1 | No store: 0 | Failed: 0 | Skipped: 0 | Elapsed: 00:39:33
[2026-09-27 03:00:27] 2060 North Sydney [s26] ...
[2026-09-27 03:00:45]   ON_DEMAND_SCHEDULED | promise='Choose a 2 hour window' uber=$11.99 | standard='Delivered tomorrow' $6.99
[2026-09-27 03:00:45]   Processed: 2 / 245 | Valid: 2 | No store: 0 | Failed: 0 | Skipped: 0 | Elapsed: 00:40:00
[2026-09-27 03:00:50] 2170 Liverpool [s26] ...
[2026-09-27 03:01:13]   ON_DEMAND_SCHEDULED | promise='Choose a 2 hour window' uber=$11.99 | standard='Delivered tomorrow' $6.99
[2026-09-27 03:01:13]   Processed: 3 / 245 | Valid: 3 | No store: 0 | Failed: 0 | Skipped: 0 | Elapsed: 00:40:28
[2026-09-27 03:01:20] 2750 Penrith [s26] ...
[2026-09-27 03:01:38]   ON_DEMAND_SCHEDULED | promise='Choose a 2 hour window' uber=$11.99 | standard='Delivered tomorrow' $6.99
[2026-09-27 03:01:38]   Processed: 4 / 245 | Valid: 4 | No store: 0 | Failed: 0 | Skipped: 0 | Elapsed: 00:40:53
[2026-09-27 03:01:46] 2300 Newcastle [s26] ...
[2026-09-27 03:02:05]   ON_DEMAND_SCHEDULED | promise='Choose a 2 hour window' uber=$11.99 | standard='Delivered by 2 October' $6.99
[2026-09-27 03:02:05]   Processed: 5 / 245 | Valid: 5 | No store: 0 | Failed: 0 | Skipped: 0 | Elapsed: 00:41:20
[2026-09-27 03:02:13] 2650 Wagga Wagga [s26] ...
[2026-09-27 03:02:32]   ON_DEMAND_SCHEDULED | promise='Choose a 2 hour window' uber=$11.99 | standard='Delivered by 29 September' $9.99 | notes: price tie - 3 non-Uber options at $9.99, first in DOM order used
[2026-09-27 03:02:32]   Processed: 6 / 245 | Valid: 6 | No store: 0 | Failed: 0 | Skipped: 0 | Elapsed: 00:41:47
[2026-09-27 03:02:42] 2480 Lismore [s26] ...
[2026-09-27 03:03:03]   ON_DEMAND_UNAVAILABLE | promise='' uber=$ | standard='Delivered by 29 September' $9.99 | notes: No on-demand option offered; price tie - 3 non-Uber options at $9.99, first in DOM order used
[2026-09-27 03:03:03]   Processed: 7 / 245 | Valid: 7 | No store: 0 | Failed: 0 | Skipped: 0 | Elapsed: 00:42:18
[2026-09-27 03:03:10] 3000 Melbourne [s26] ...
[2026-09-27 03:03:28]   ON_DEMAND_SCHEDULED | promise='Choose a 2 hour window' uber=$11.99 | standard='Delivered tomorrow' $6.99
[2026-09-27 03:03:28]   Processed: 8 / 245 | Valid: 8 | No store: 0 | Failed: 0 | Skipped: 0 | Elapsed: 00:42:43
[2026-09-27 03:03:35] 3121 Richmond [s26] ...
[2026-09-27 03:03:54]   ON_DEMAND_SCHEDULED | promise='Choose a 2 hour window' uber=$11.99 | standard='Delivered tomorrow' $6.99
[2026-09-27 03:03:54]   Processed: 9 / 245 | Valid: 9 | No store: 0 | Failed: 0 | Skipped: 0 | Elapsed: 00:43:09
[2026-09-27 03:04:02] 3030 Point Cook [s26] ...
[2026-09-27 03:04:19]   ON_DEMAND_SCHEDULED | promise='Choose a 2 hour window' uber=$11.99 | standard='Delivered tomorrow' $6.99
[2026-09-27 03:04:19]   Processed: 10 / 245 | Valid: 10 | No store: 0 | Failed: 0 | Skipped: 0 | Elapsed: 00:43:34
[2026-09-27 03:04:26] 3175 Dandenong [s26] ...
[2026-09-27 03:04:43]   ON_DEMAND_SCHEDULED | promise='Choose a 2 hour window' uber=$11.99 | standard='Delivered tomorrow' $6.99
[2026-09-27 03:04:43]   Processed: 11 / 245 | Valid: 11 | No store: 0 | Failed: 0 | Skipped: 0 | Elapsed: 00:43:59
[2026-09-27 03:04:53] 3220 Geelong [s26] ...
[2026-09-27 03:05:11]   ON_DEMAND_SCHEDULED | promise='Choose a 2 hour window' uber=$11.99 | standard='Delivered tomorrow' $6.99
[2026-09-27 03:05:11]   Processed: 12 / 245 | Valid: 12 | No store: 0 | Failed: 0 | Skipped: 0 | Elapsed: 00:44:26
[2026-09-27 03:05:18] 3550 Bendigo [s26] ...
[2026-09-27 03:05:35]   ON_DEMAND_SCHEDULED | promise='Choose a 2 hour window' uber=$11.99 | standard='Delivered by 29 September' $9.99 | notes: price tie - 3 non-Uber options at $9.99, first in DOM order used
[2026-09-27 03:05:35]   Processed: 13 / 245 | Valid: 13 | No store: 0 | Failed: 0 | Skipped: 0 | Elapsed: 00:44:51
[2026-09-27 03:05:44] 3350 Ballarat [s26] ...
[2026-09-27 03:06:01]   ON_DEMAND_SCHEDULED | promise='Choose a 2 hour window' uber=$11.99 | standard='Delivered by 30 September' $5.99
[2026-09-27 03:06:01]   Processed: 14 / 245 | Valid: 14 | No store: 0 | Failed: 0 | Skipped: 0 | Elapsed: 00:45:17
[2026-09-27 03:06:11] 4000 Brisbane City [s26] ...
[2026-09-27 03:06:30]   ON_DEMAND_SCHEDULED | promise='Choose a 2 hour window' uber=$11.99 | standard='Delivered tomorrow' $6.99
[2026-09-27 03:06:30]   Processed: 15 / 245 | Valid: 15 | No store: 0 | Failed: 0 | Skipped: 0 | Elapsed: 00:45:45
[2026-09-27 03:06:39] 4006 Fortitude Valley [s26] ...
[2026-09-27 03:06:56]   ON_DEMAND_SCHEDULED | promise='Choose a 2 hour window' uber=$11.99 | standard='Delivered tomorrow' $6.99
[2026-09-27 03:06:56]   Processed: 16 / 245 | Valid: 16 | No store: 0 | Failed: 0 | Skipped: 0 | Elapsed: 00:46:11
[2026-09-27 03:07:05] 4300 Springfield [s26] ...
[2026-09-27 03:07:22]   ON_DEMAND_SCHEDULED | promise='Choose a 2 hour window' uber=$11.99 | standard='Delivered tomorrow' $6.99
[2026-09-27 03:07:22]   Processed: 17 / 245 | Valid: 17 | No store: 0 | Failed: 0 | Skipped: 0 | Elapsed: 00:46:37
[2026-09-27 03:07:29] 4178 Wynnum [s26] ...
[2026-09-27 03:07:45]   ON_DEMAND_SCHEDULED | promise='Choose a 2 hour window' uber=$11.99 | standard='Delivered tomorrow' $6.99
[2026-09-27 03:07:45]   Processed: 18 / 245 | Valid: 18 | No store: 0 | Failed: 0 | Skipped: 0 | Elapsed: 00:47:00
[2026-09-27 03:07:54] 4350 Toowoomba City [s26] ...
[2026-09-27 03:08:12]   ON_DEMAND_SCHEDULED | promise='Choose a 2 hour window' uber=$11.99 | standard='Delivered by 29 September' $9.99 | notes: price tie - 3 non-Uber options at $9.99, first in DOM order used
[2026-09-27 03:08:12]   Processed: 19 / 245 | Valid: 19 | No store: 0 | Failed: 0 | Skipped: 0 | Elapsed: 00:47:28
[2026-09-27 03:08:18] 4740 Mackay [s26] ...
[2026-09-27 03:08:35]   ON_DEMAND_UNAVAILABLE | promise='' uber=$ | standard='Delivered by 29 September' $9.99 | notes: No on-demand option offered; price tie - 3 non-Uber options at $9.99, first in DOM order used
[2026-09-27 03:08:35]   Processed: 20 / 245 | Valid: 20 | No store: 0 | Failed: 0 | Skipped: 0 | Elapsed: 00:47:51
[2026-09-27 03:08:41] 4870 Cairns [s26] ...
[2026-09-27 03:08:58]   ON_DEMAND_SCHEDULED | promise='Choose a 2 hour window' uber=$11.99 | standard='Delivered by 29 September' $9.99 | notes: price tie - 3 non-Uber options at $9.99, first in DOM order used
[2026-09-27 03:08:58]   Processed: 21 / 245 | Valid: 21 | No store: 0 | Failed: 0 | Skipped: 0 | Elapsed: 00:48:13
[2026-09-27 03:09:07] 5000 Adelaide [s26] ...
[2026-09-27 03:09:27]   ON_DEMAND_SCHEDULED | promise='Choose a 2 hour window' uber=$11.99 | standard='Delivered tomorrow' $6.99
[2026-09-27 03:09:27]   Processed: 22 / 245 | Valid: 22 | No store: 0 | Failed: 0 | Skipped: 0 | Elapsed: 00:48:43
[2026-09-27 03:09:34] 5067 Norwood [s26] ...
[2026-09-27 03:09:51]   ON_DEMAND_SCHEDULED | promise='Choose a 2 hour window' uber=$11.99 | standard='Delivered tomorrow' $6.99
[2026-09-27 03:09:51]   Processed: 23 / 245 | Valid: 23 | No store: 0 | Failed: 0 | Skipped: 0 | Elapsed: 00:49:06
[2026-09-27 03:09:56] 5034 Millswood [s26] ...
[2026-09-27 03:10:13]   ON_DEMAND_SCHEDULED | promise='Choose a 2 hour window' uber=$11.99 | standard='Delivered tomorrow' $6.99
[2026-09-27 03:10:13]   Processed: 24 / 245 | Valid: 24 | No store: 0 | Failed: 0 | Skipped: 0 | Elapsed: 00:49:29
[2026-09-27 03:10:21] 5022 Grange [s26] ...
[2026-09-27 03:10:41]   ON_DEMAND_SCHEDULED | promise='Choose a 2 hour window' uber=$11.99 | standard='Delivered tomorrow' $6.99
[2026-09-27 03:10:41]   Processed: 25 / 245 | Valid: 25 | No store: 0 | Failed: 0 | Skipped: 0 | Elapsed: 00:49:56
[2026-09-27 03:10:51] 5108 Salisbury [s26] ...
[2026-09-27 03:11:10]   ON_DEMAND_SCHEDULED | promise='Choose a 2 hour window' uber=$11.99 | standard='Delivered tomorrow' $6.99
[2026-09-27 03:11:10]   Processed: 26 / 245 | Valid: 26 | No store: 0 | Failed: 0 | Skipped: 0 | Elapsed: 00:50:25
[2026-09-27 03:11:15] 5162 Morphett Vale [s26] ...
[2026-09-27 03:11:34]   ON_DEMAND_SCHEDULED | promise='Choose a 2 hour window' uber=$11.99 | standard='Delivered tomorrow' $6.99
[2026-09-27 03:11:34]   Processed: 27 / 245 | Valid: 27 | No store: 0 | Failed: 0 | Skipped: 0 | Elapsed: 00:50:49
[2026-09-27 03:11:43] 5095 Mawson Lakes [s26] ...
[2026-09-27 03:12:00]   ON_DEMAND_SCHEDULED | promise='Choose a 2 hour window' uber=$11.99 | standard='Delivered tomorrow' $6.99
[2026-09-27 03:12:00]   Processed: 28 / 245 | Valid: 28 | No store: 0 | Failed: 0 | Skipped: 0 | Elapsed: 00:51:16
[2026-09-27 03:12:10] 5114 Smithfield [s26] ...
[2026-09-27 03:12:29]   ON_DEMAND_SCHEDULED | promise='Choose a 2 hour window' uber=$11.99 | standard='Delivered tomorrow' $6.99
[2026-09-27 03:12:29]   Processed: 29 / 245 | Valid: 29 | No store: 0 | Failed: 0 | Skipped: 0 | Elapsed: 00:51:44
[2026-09-27 03:12:37] 5251 Mount Barker [s26] ...
[2026-09-27 03:12:55]   ON_DEMAND_UNAVAILABLE | promise='' uber=$ | standard='Delivered by 29 September' $9.99 | notes: No on-demand option offered; price tie - 3 non-Uber options at $9.99, first in DOM order used
[2026-09-27 03:12:55]   Processed: 30 / 245 | Valid: 30 | No store: 0 | Failed: 0 | Skipped: 0 | Elapsed: 00:52:10
[2026-09-27 03:13:02] 5290 Mount Gambier [s26] ...
[2026-09-27 03:13:19]   ON_DEMAND_UNAVAILABLE | promise='' uber=$ | standard='Delivered by 29 September' $9.99 | notes: No on-demand option offered; price tie - 3 non-Uber options at $9.99, first in DOM order used
[2026-09-27 03:13:19]   Processed: 31 / 245 | Valid: 31 | No store: 0 | Failed: 0 | Skipped: 0 | Elapsed: 00:52:34
[2026-09-27 03:13:27] 5700 Port Augusta [s26] ...
[2026-09-27 03:13:41]   NO_STORE_REPORTED | promise='' uber=$ | standard='' $ | notes: No available stores found for the given location.
[2026-09-27 03:13:41]   Processed: 32 / 245 | Valid: 31 | No store: 1 | Failed: 0 | Skipped: 0 | Elapsed: 00:52:56
[2026-09-27 03:13:47] 5606 Port Lincoln [s26] ...
[2026-09-27 03:14:01]   NO_STORE_REPORTED | promise='' uber=$ | standard='' $ | notes: No available stores found for the given location.
[2026-09-27 03:14:01]   Processed: 33 / 245 | Valid: 31 | No store: 2 | Failed: 0 | Skipped: 0 | Elapsed: 00:53:16
[2026-09-27 03:14:10] 6000 Perth [s26] ...
[2026-09-27 03:14:32]   ON_DEMAND_SCHEDULED | promise='Choose a 2 hour window' uber=$11.99 | standard='Delivered tomorrow' $6.99
[2026-09-27 03:14:32]   Processed: 34 / 245 | Valid: 32 | No store: 2 | Failed: 0 | Skipped: 0 | Elapsed: 00:53:48
[2026-09-27 03:14:42] 6008 Subiaco [s26] ...
[2026-09-27 03:15:02]   ON_DEMAND_SCHEDULED | promise='Choose a 2 hour window' uber=$11.99 | standard='Delivered tomorrow' $6.99
[2026-09-27 03:15:02]   Processed: 35 / 245 | Valid: 33 | No store: 2 | Failed: 0 | Skipped: 0 | Elapsed: 00:54:18
[2026-09-27 03:15:12] 6164 Success [s26] ...
[2026-09-27 03:15:34]   ON_DEMAND_SCHEDULED | promise='Choose a 2 hour window' uber=$11.99 | standard='Delivered tomorrow' $6.99
[2026-09-27 03:15:34]   Processed: 36 / 245 | Valid: 34 | No store: 2 | Failed: 0 | Skipped: 0 | Elapsed: 00:54:49
[2026-09-27 03:15:43] 6030 Clarkson [s26] ...
[2026-09-27 03:16:02]   ON_DEMAND_SCHEDULED | promise='Choose a 2 hour window' uber=$11.99 | standard='Delivered tomorrow' $6.99
[2026-09-27 03:16:02]   Processed: 37 / 245 | Valid: 35 | No store: 2 | Failed: 0 | Skipped: 0 | Elapsed: 00:55:17
[2026-09-27 03:16:10] 6230 Bunbury [s26] ...
[2026-09-27 03:16:28]   ON_DEMAND_SCHEDULED | promise='Choose a 2 hour window' uber=$11.99 | standard='Delivered by 30 September' $9.99 | notes: price tie - 3 non-Uber options at $9.99, first in DOM order used
[2026-09-27 03:16:28]   Processed: 38 / 245 | Valid: 36 | No store: 2 | Failed: 0 | Skipped: 0 | Elapsed: 00:55:44
[2026-09-27 03:16:38] 6430 Kalgoorlie [s26] ...
[2026-09-27 03:16:52]   NO_STORE_REPORTED | promise='' uber=$ | standard='' $ | notes: No available stores found for the given location.
[2026-09-27 03:16:52]   Processed: 39 / 245 | Valid: 36 | No store: 3 | Failed: 0 | Skipped: 0 | Elapsed: 00:56:07
[2026-09-27 03:17:01] 6530 Geraldton [s26] ...
[2026-09-27 03:17:14]   NO_STORE_REPORTED | promise='' uber=$ | standard='' $ | notes: No available stores found for the given location.
[2026-09-27 03:17:14]   Processed: 40 / 245 | Valid: 36 | No store: 4 | Failed: 0 | Skipped: 0 | Elapsed: 00:56:29
[2026-09-27 03:17:22] 7000 Hobart [s26] ...
[2026-09-27 03:17:43]   ON_DEMAND_SCHEDULED | promise='Choose a 2 hour window' uber=$11.99 | standard='Delivered by 30 September' $6.99
[2026-09-27 03:17:43]   Processed: 41 / 245 | Valid: 37 | No store: 4 | Failed: 0 | Skipped: 0 | Elapsed: 00:56:58
[2026-09-27 03:17:48] 7010 Glenorchy [s26] ...
[2026-09-27 03:18:05]   ON_DEMAND_SCHEDULED | promise='Choose a 2 hour window' uber=$11.99 | standard='Delivered by 1 October' $6.99
[2026-09-27 03:18:05]   Processed: 42 / 245 | Valid: 38 | No store: 4 | Failed: 0 | Skipped: 0 | Elapsed: 00:57:21
[2026-09-27 03:18:12] 7250 Launceston [s26] ...
[2026-09-27 03:18:29]   ON_DEMAND_SCHEDULED | promise='Choose a 2 hour window' uber=$11.99 | standard='Delivered by 30 September' $6.99
[2026-09-27 03:18:29]   Processed: 43 / 245 | Valid: 39 | No store: 4 | Failed: 0 | Skipped: 0 | Elapsed: 00:57:44
[2026-09-27 03:18:37] 7320 Burnie [s26] ...
[2026-09-27 03:18:55]   ON_DEMAND_UNAVAILABLE | promise='' uber=$ | standard='Delivered by 30 September' $6.99 | notes: No on-demand option offered
[2026-09-27 03:18:55]   Processed: 44 / 245 | Valid: 40 | No store: 4 | Failed: 0 | Skipped: 0 | Elapsed: 00:58:10
[2026-09-27 03:19:03] 2601 Canberra [s26] ...
[2026-09-27 03:19:19]   ON_DEMAND_SCHEDULED | promise='Choose a 2 hour window' uber=$11.99 | standard='Delivered by 1 October' $6.99
[2026-09-27 03:19:19]   Processed: 45 / 245 | Valid: 41 | No store: 4 | Failed: 0 | Skipped: 0 | Elapsed: 00:58:34
[2026-09-27 03:19:27] 2900 Greenway [s26] ...
[2026-09-27 03:19:42]   ON_DEMAND_SCHEDULED | promise='Choose a 2 hour window' uber=$11.99 | standard='Delivered by 1 October' $6.99
[2026-09-27 03:19:42]   Processed: 46 / 245 | Valid: 42 | No store: 4 | Failed: 0 | Skipped: 0 | Elapsed: 00:58:57
[2026-09-27 03:19:50] 0800 Darwin City [s26] ...
[2026-09-27 03:20:07]   ON_DEMAND_SCHEDULED | promise='Choose a 2 hour window' uber=$11.99 | standard='Delivered by 30 September' $9.99 | notes: price tie - 3 non-Uber options at $9.99, first in DOM order used
[2026-09-27 03:20:07]   Processed: 47 / 245 | Valid: 43 | No store: 4 | Failed: 0 | Skipped: 0 | Elapsed: 00:59:22
[2026-09-27 03:20:12] 0810 Casuarina [s26] ...
[2026-09-27 03:20:29]   ON_DEMAND_SCHEDULED | promise='Choose a 2 hour window' uber=$11.99 | standard='Delivered by 30 September' $9.99 | notes: price tie - 3 non-Uber options at $9.99, first in DOM order used
[2026-09-27 03:20:29]   Processed: 48 / 245 | Valid: 44 | No store: 4 | Failed: 0 | Skipped: 0 | Elapsed: 00:59:44
[2026-09-27 03:20:35] 0870 Alice Springs [s26] ...
[2026-09-27 03:20:49]   NO_STORE_REPORTED | promise='' uber=$ | standard='' $ | notes: No available stores found for the given location.
[2026-09-27 03:20:49]   Processed: 49 / 245 | Valid: 44 | No store: 5 | Failed: 0 | Skipped: 0 | Elapsed: 01:00:04
[2026-09-27 03:20:49] --- pass complete in 20.8 min ---
[2026-09-27 03:20:49]   export -> ASSIGNMENT_DATASET_cycle1_20260926: 1323 rows, coverage 1323/1323 (100.0%), errors 0
